
[1m[46m RUN [49m[22m [36mv4.0.18 [39m[90mC:/Users/pcset/OneDrive/Desktop/tool[39m

 [32m笨・[39m src/features/path-replacer/replacerLogic.test.ts[2m > [22mHTML螻樊ｧ縺ｮ鄂ｮ謠・[2m > [22msrc螻樊ｧ[2m > [22m繝繝悶Ν繧ｯ繧ｩ繝ｼ繝井ｻ倥″ src[32m 2[2mms[22m[39m
 [32m笨・[39m src/features/path-replacer/replacerLogic.test.ts[2m > [22mHTML螻樊ｧ縺ｮ鄂ｮ謠・[2m > [22msrc螻樊ｧ[2m > [22m繧ｷ繝ｳ繧ｰ繝ｫ繧ｯ繧ｩ繝ｼ繝井ｻ倥″ src[32m 0[2mms[22m[39m
 [32m笨・[39m src/features/path-replacer/replacerLogic.test.ts[2m > [22mHTML螻樊ｧ縺ｮ鄂ｮ謠・[2m > [22msrc螻樊ｧ[2m > [22m繧ｯ繧ｩ繝ｼ繝医↑縺・src[32m 0[2mms[22m[39m
 [32m笨・[39m src/features/path-replacer/replacerLogic.test.ts[2m > [22mHTML螻樊ｧ縺ｮ鄂ｮ謠・[2m > [22msrc螻樊ｧ[2m > [22m逶ｸ蟇ｾ繝代せ (./) 莉倥″ src[32m 0[2mms[22m[39m
 [32m笨・[39m src/features/path-replacer/replacerLogic.test.ts[2m > [22mHTML螻樊ｧ縺ｮ鄂ｮ謠・[2m > [22msrc螻樊ｧ[2m > [22m豺ｱ縺・ロ繧ｹ繝医ヱ繧ｹ src[32m 0[2mms[22m[39m
 [32m笨・[39m src/features/path-replacer/replacerLogic.test.ts[2m > [22mHTML螻樊ｧ縺ｮ鄂ｮ謠・[2m > [22msrc螻樊ｧ[2m > [22m繝輔ぃ繧､繝ｫ蜷阪・縺ｿ src[32m 0[2mms[22m[39m
 [32m笨・[39m src/features/path-replacer/replacerLogic.test.ts[2m > [22mHTML螻樊ｧ縺ｮ鄂ｮ謠・[2m > [22msrcset螻樊ｧ[2m > [22msrcset 螻樊ｧ縺ｮ鄂ｮ謠・[32m 0[2mms[22m[39m
 [32m笨・[39m src/features/path-replacer/replacerLogic.test.ts[2m > [22mHTML螻樊ｧ縺ｮ鄂ｮ謠・[2m > [22mdata-*螻樊ｧ[2m > [22mdata-src 螻樊ｧ[32m 0[2mms[22m[39m
 [32m笨・[39m src/features/path-replacer/replacerLogic.test.ts[2m > [22mHTML螻樊ｧ縺ｮ鄂ｮ謠・[2m > [22mdata-*螻樊ｧ[2m > [22mdata-background 螻樊ｧ[32m 0[2mms[22m[39m
 [32m笨・[39m src/features/path-replacer/replacerLogic.test.ts[2m > [22mHTML螻樊ｧ縺ｮ鄂ｮ謠・[2m > [22mdata-*螻樊ｧ[2m > [22mdata-thumbnail-src 螻樊ｧ・医ワ繧､繝輔Φ蜷ｫ縺ｿ・・[32m 0[2mms[22m[39m
 [32m笨・[39m src/features/path-replacer/replacerLogic.test.ts[2m > [22mHTML螻樊ｧ縺ｮ鄂ｮ謠・[2m > [22mbackground螻樊ｧ[2m > [22mbackground 螻樊ｧ[32m 0[2mms[22m[39m
 [32m笨・[39m src/features/path-replacer/replacerLogic.test.ts[2m > [22mHTML螻樊ｧ縺ｮ鄂ｮ謠・[2m > [22mhref螻樊ｧ[2m > [22mhref 螻樊ｧ・・avicon遲会ｼ・[32m 0[2mms[22m[39m
 [32m笨・[39m src/features/path-replacer/replacerLogic.test.ts[2m > [22mHTML螻樊ｧ縺ｮ鄂ｮ謠・[2m > [22m繧ｹ繝壹・繧ｹ縺ｮ繝舌Μ繧ｨ繝ｼ繧ｷ繝ｧ繝ｳ[2m > [22m= 縺ｮ蜑榊ｾ後↓繧ｹ繝壹・繧ｹ縺ゅｊ[32m 0[2mms[22m[39m
 [32m笨・[39m src/features/path-replacer/replacerLogic.test.ts[2m > [22mCSS url()縺ｮ鄂ｮ謠・[2m > [22m繝繝悶Ν繧ｯ繧ｩ繝ｼ繝井ｻ倥″ url()[32m 0[2mms[22m[39m
 [32m笨・[39m src/features/path-replacer/replacerLogic.test.ts[2m > [22mCSS url()縺ｮ鄂ｮ謠・[2m > [22m繧ｷ繝ｳ繧ｰ繝ｫ繧ｯ繧ｩ繝ｼ繝井ｻ倥″ url()[32m 0[2mms[22m[39m
 [32m笨・[39m src/features/path-replacer/replacerLogic.test.ts[2m > [22mCSS url()縺ｮ鄂ｮ謠・[2m > [22m繧ｯ繧ｩ繝ｼ繝医↑縺・url()[32m 0[2mms[22m[39m
 [32m笨・[39m src/features/path-replacer/replacerLogic.test.ts[2m > [22mCSS url()縺ｮ鄂ｮ謠・[2m > [22m逶ｸ蟇ｾ繝代せ莉倥″ url()[32m 0[2mms[22m[39m
 [32m笨・[39m src/features/path-replacer/replacerLogic.test.ts[2m > [22mCSS url()縺ｮ鄂ｮ謠・[2m > [22m豺ｱ縺・ロ繧ｹ繝医ヱ繧ｹ url()[32m 0[2mms[22m[39m
 [32m笨・[39m src/features/path-replacer/replacerLogic.test.ts[2m > [22mCSS螟画焚蜀・・url()鄂ｮ謠・[2m > [22mCSS螟画焚蜀・・ url()[32m 0[2mms[22m[39m
 [32m笨・[39m src/features/path-replacer/replacerLogic.test.ts[2m > [22mCSS螟画焚蜀・・url()鄂ｮ謠・[2m > [22m繝上う繝輔Φ蜷ｫ縺ｿCSS螟画焚[32m 0[2mms[22m[39m
 [32m笨・[39m src/features/path-replacer/replacerLogic.test.ts[2m > [22mCSS螟画焚蜀・・url()鄂ｮ謠・[2m > [22m謨ｰ蟄怜性縺ｿCSS螟画焚[32m 0[2mms[22m[39m
 [32m笨・[39m src/features/path-replacer/replacerLogic.test.ts[2m > [22m蟇ｾ蠢懃判蜒上ヵ繧ｩ繝ｼ繝槭ャ繝・[2m > [22m諡｡蠑ｵ蟄・ .png[32m 0[2mms[22m[39m
 [32m笨・[39m src/features/path-replacer/replacerLogic.test.ts[2m > [22m蟇ｾ蠢懃判蜒上ヵ繧ｩ繝ｼ繝槭ャ繝・[2m > [22m諡｡蠑ｵ蟄・ .jpg[32m 0[2mms[22m[39m
 [32m笨・[39m src/features/path-replacer/replacerLogic.test.ts[2m > [22m蟇ｾ蠢懃判蜒上ヵ繧ｩ繝ｼ繝槭ャ繝・[2m > [22m諡｡蠑ｵ蟄・ .jpeg[32m 0[2mms[22m[39m
 [32m笨・[39m src/features/path-replacer/replacerLogic.test.ts[2m > [22m蟇ｾ蠢懃判蜒上ヵ繧ｩ繝ｼ繝槭ャ繝・[2m > [22m諡｡蠑ｵ蟄・ .gif[32m 0[2mms[22m[39m
 [32m笨・[39m src/features/path-replacer/replacerLogic.test.ts[2m > [22m蟇ｾ蠢懃判蜒上ヵ繧ｩ繝ｼ繝槭ャ繝・[2m > [22m諡｡蠑ｵ蟄・ .svg[32m 0[2mms[22m[39m
 [32m笨・[39m src/features/path-replacer/replacerLogic.test.ts[2m > [22m蟇ｾ蠢懃判蜒上ヵ繧ｩ繝ｼ繝槭ャ繝・[2m > [22m諡｡蠑ｵ蟄・ .webp[32m 0[2mms[22m[39m
 [32m笨・[39m src/features/path-replacer/replacerLogic.test.ts[2m > [22m蟇ｾ蠢懃判蜒上ヵ繧ｩ繝ｼ繝槭ャ繝・[2m > [22m諡｡蠑ｵ蟄・ .bmp[32m 0[2mms[22m[39m
 [32m笨・[39m src/features/path-replacer/replacerLogic.test.ts[2m > [22m蟇ｾ蠢懃判蜒上ヵ繧ｩ繝ｼ繝槭ャ繝・[2m > [22m諡｡蠑ｵ蟄・ .ico[32m 0[2mms[22m[39m
 [32m笨・[39m src/features/path-replacer/replacerLogic.test.ts[2m > [22m蟇ｾ蠢懃判蜒上ヵ繧ｩ繝ｼ繝槭ャ繝・[2m > [22m諡｡蠑ｵ蟄・ .mp4[32m 0[2mms[22m[39m
 [32m笨・[39m src/features/path-replacer/replacerLogic.test.ts[2m > [22m蟇ｾ蠢懃判蜒上ヵ繧ｩ繝ｼ繝槭ャ繝・[2m > [22m螟ｧ譁・ｭ玲僑蠑ｵ蟄・ .PNG[32m 0[2mms[22m[39m
 [32m笨・[39m src/features/path-replacer/replacerLogic.test.ts[2m > [22m蟇ｾ蠢懃判蜒上ヵ繧ｩ繝ｼ繝槭ャ繝・[2m > [22m螟ｧ譁・ｭ玲僑蠑ｵ蟄・ .JPG[32m 0[2mms[22m[39m
 [32m笨・[39m src/features/path-replacer/replacerLogic.test.ts[2m > [22m蟇ｾ蠢懃判蜒上ヵ繧ｩ繝ｼ繝槭ャ繝・[2m > [22m螟ｧ譁・ｭ玲僑蠑ｵ蟄・ .JPEG[32m 0[2mms[22m[39m
 [32m笨・[39m src/features/path-replacer/replacerLogic.test.ts[2m > [22m蟇ｾ蠢懃判蜒上ヵ繧ｩ繝ｼ繝槭ャ繝・[2m > [22m螟ｧ譁・ｭ玲僑蠑ｵ蟄・ .GIF[32m 0[2mms[22m[39m
 [32m笨・[39m src/features/path-replacer/replacerLogic.test.ts[2m > [22m蟇ｾ蠢懃判蜒上ヵ繧ｩ繝ｼ繝槭ャ繝・[2m > [22m螟ｧ譁・ｭ玲僑蠑ｵ蟄・ .SVG[32m 0[2mms[22m[39m
 [32m笨・[39m src/features/path-replacer/replacerLogic.test.ts[2m > [22m蟇ｾ蠢懃判蜒上ヵ繧ｩ繝ｼ繝槭ャ繝・[2m > [22m螟ｧ譁・ｭ玲僑蠑ｵ蟄・ .WEBP[32m 0[2mms[22m[39m
 [32m笨・[39m src/features/path-replacer/replacerLogic.test.ts[2m > [22m蟇ｾ蠢懃判蜒上ヵ繧ｩ繝ｼ繝槭ャ繝・[2m > [22m螟ｧ譁・ｭ玲僑蠑ｵ蟄・ .BMP[32m 0[2mms[22m[39m
 [32m笨・[39m src/features/path-replacer/replacerLogic.test.ts[2m > [22m蟇ｾ蠢懃判蜒上ヵ繧ｩ繝ｼ繝槭ャ繝・[2m > [22m螟ｧ譁・ｭ玲僑蠑ｵ蟄・ .ICO[32m 0[2mms[22m[39m
 [32m笨・[39m src/features/path-replacer/replacerLogic.test.ts[2m > [22m蟇ｾ蠢懃判蜒上ヵ繧ｩ繝ｼ繝槭ャ繝・[2m > [22m螟ｧ譁・ｭ玲僑蠑ｵ蟄・ .MP4[32m 0[2mms[22m[39m
 [32m笨・[39m src/features/path-replacer/replacerLogic.test.ts[2m > [22m蟇ｾ蠢懃判蜒上ヵ繧ｩ繝ｼ繝槭ャ繝・[2m > [22m豺ｷ蝨ｨ螟ｧ蟆乗枚蟄玲僑蠑ｵ蟄・ .Png[32m 0[2mms[22m[39m
 [32m笨・[39m src/features/path-replacer/replacerLogic.test.ts[2m > [22m髱槫ｯｾ蠢懈僑蠑ｵ蟄撰ｼ育ｽｮ謠帙＆繧後↑縺・∋縺搾ｼ・[2m > [22m諡｡蠑ｵ蟄・ .pdf 縺ｯ鄂ｮ謠帙＆繧後↑縺・[32m 0[2mms[22m[39m
 [32m笨・[39m src/features/path-replacer/replacerLogic.test.ts[2m > [22m髱槫ｯｾ蠢懈僑蠑ｵ蟄撰ｼ育ｽｮ謠帙＆繧後↑縺・∋縺搾ｼ・[2m > [22m諡｡蠑ｵ蟄・ .doc 縺ｯ鄂ｮ謠帙＆繧後↑縺・[32m 0[2mms[22m[39m
 [32m笨・[39m src/features/path-replacer/replacerLogic.test.ts[2m > [22m髱槫ｯｾ蠢懈僑蠑ｵ蟄撰ｼ育ｽｮ謠帙＆繧後↑縺・∋縺搾ｼ・[2m > [22m諡｡蠑ｵ蟄・ .mp3 縺ｯ鄂ｮ謠帙＆繧後↑縺・[32m 0[2mms[22m[39m
 [32m笨・[39m src/features/path-replacer/replacerLogic.test.ts[2m > [22m髱槫ｯｾ蠢懈僑蠑ｵ蟄撰ｼ育ｽｮ謠帙＆繧後↑縺・∋縺搾ｼ・[2m > [22m諡｡蠑ｵ蟄・ .html 縺ｯ鄂ｮ謠帙＆繧後↑縺・[32m 0[2mms[22m[39m
 [32m笨・[39m src/features/path-replacer/replacerLogic.test.ts[2m > [22m髱槫ｯｾ蠢懈僑蠑ｵ蟄撰ｼ育ｽｮ謠帙＆繧後↑縺・∋縺搾ｼ・[2m > [22m諡｡蠑ｵ蟄・ .css 縺ｯ鄂ｮ謠帙＆繧後↑縺・[32m 0[2mms[22m[39m
 [32m笨・[39m src/features/path-replacer/replacerLogic.test.ts[2m > [22m髱槫ｯｾ蠢懈僑蠑ｵ蟄撰ｼ育ｽｮ謠帙＆繧後↑縺・∋縺搾ｼ・[2m > [22m諡｡蠑ｵ蟄・ .js 縺ｯ鄂ｮ謠帙＆繧後↑縺・[32m 0[2mms[22m[39m
 [32m笨・[39m src/features/path-replacer/replacerLogic.test.ts[2m > [22m髱槫ｯｾ蠢懈僑蠑ｵ蟄撰ｼ育ｽｮ謠帙＆繧後↑縺・∋縺搾ｼ・[2m > [22m諡｡蠑ｵ蟄・ .txt 縺ｯ鄂ｮ謠帙＆繧後↑縺・[32m 0[2mms[22m[39m
 [32m笨・[39m src/features/path-replacer/replacerLogic.test.ts[2m > [22m髱槫ｯｾ蠢懈僑蠑ｵ蟄撰ｼ育ｽｮ謠帙＆繧後↑縺・∋縺搾ｼ・[2m > [22m諡｡蠑ｵ蟄・ .zip 縺ｯ鄂ｮ謠帙＆繧後↑縺・[32m 0[2mms[22m[39m
 [32m笨・[39m src/features/path-replacer/replacerLogic.test.ts[2m > [22m髱槫ｯｾ蠢懈僑蠑ｵ蟄撰ｼ育ｽｮ謠帙＆繧後↑縺・∋縺搾ｼ・[2m > [22m諡｡蠑ｵ蟄・ .avif 縺ｯ鄂ｮ謠帙＆繧後↑縺・[32m 0[2mms[22m[39m
 [32m笨・[39m src/features/path-replacer/replacerLogic.test.ts[2m > [22m髱槫ｯｾ蠢懈僑蠑ｵ蟄撰ｼ育ｽｮ謠帙＆繧後↑縺・∋縺搾ｼ・[2m > [22m諡｡蠑ｵ蟄・ .tiff 縺ｯ鄂ｮ謠帙＆繧後↑縺・[32m 0[2mms[22m[39m
 [32m笨・[39m src/features/path-replacer/replacerLogic.test.ts[2m > [22m繧ｵ繝悶ヵ繧ｩ繝ｫ繝繧ｪ繝励す繝ｧ繝ｳ[2m > [22m繧ｵ繝悶ヵ繧ｩ繝ｫ繝謖・ｮ壹≠繧・[32m 0[2mms[22m[39m
 [32m笨・[39m src/features/path-replacer/replacerLogic.test.ts[2m > [22m繧ｵ繝悶ヵ繧ｩ繝ｫ繝繧ｪ繝励す繝ｧ繝ｳ[2m > [22m繧ｵ繝悶ヵ繧ｩ繝ｫ繝譛牙柑縺縺悟錐蜑阪′遨ｺ[32m 0[2mms[22m[39m
 [32m笨・[39m src/features/path-replacer/replacerLogic.test.ts[2m > [22m繧ｵ繝悶ヵ繧ｩ繝ｫ繝繧ｪ繝励す繝ｧ繝ｳ[2m > [22m繧ｵ繝悶ヵ繧ｩ繝ｫ繝譛牙柑縺縺悟錐蜑阪′繧ｹ繝壹・繧ｹ縺ｮ縺ｿ[32m 0[2mms[22m[39m
 [32m笨・[39m src/features/path-replacer/replacerLogic.test.ts[2m > [22m繧ｵ繝悶ヵ繧ｩ繝ｫ繝繧ｪ繝励す繝ｧ繝ｳ[2m > [22m繧ｵ繝悶ヵ繧ｩ繝ｫ繝辟｡蜉ｹ・医メ繧ｧ繝・け縺輔※縺・↑縺・ｼ・[32m 0[2mms[22m[39m
 [32m笨・[39m src/features/path-replacer/replacerLogic.test.ts[2m > [22m繧ｵ繝悶ヵ繧ｩ繝ｫ繝繧ｪ繝励す繝ｧ繝ｳ[2m > [22m譌･譛ｬ隱槭し繝悶ヵ繧ｩ繝ｫ繝蜷搾ｼ・RL繧ｨ繝ｳ繧ｳ繝ｼ繝峨＆繧後ｋ・・[32m 0[2mms[22m[39m
 [32m笨・[39m src/features/path-replacer/replacerLogic.test.ts[2m > [22m繧ｵ繝悶ヵ繧ｩ繝ｫ繝繧ｪ繝励す繝ｧ繝ｳ[2m > [22m迚ｹ谿頑枚蟄怜・繧翫し繝悶ヵ繧ｩ繝ｫ繝蜷・[32m 0[2mms[22m[39m
 [32m笨・[39m src/features/path-replacer/replacerLogic.test.ts[2m > [22m隍・焚繝代せ縺ｮ蜷梧凾鄂ｮ謠・[2m > [22m蜷御ｸ陦後↓隍・焚縺ｮHTML逕ｻ蜒上ヱ繧ｹ[32m 0[2mms[22m[39m
 [32m笨・[39m src/features/path-replacer/replacerLogic.test.ts[2m > [22m隍・焚繝代せ縺ｮ蜷梧凾鄂ｮ謠・[2m > [22mHTML縺ｨCSS縺梧ｷｷ蝨ｨ縺吶ｋ繧ｳ繝ｼ繝・[32m 0[2mms[22m[39m
 [32m笨・[39m src/features/path-replacer/replacerLogic.test.ts[2m > [22m隍・焚繝代せ縺ｮ蜷梧凾鄂ｮ謠・[2m > [22m謾ｹ陦後ｒ謖溘ｓ縺隍・焚繝代せ[32m 0[2mms[22m[39m
 [32m笨・[39m src/features/path-replacer/replacerLogic.test.ts[2m > [22m隍・焚繝代せ縺ｮ蜷梧凾鄂ｮ謠・[2m > [22m螟ｧ驥上・逕ｻ蜒上ヱ繧ｹ・・0蛟具ｼ・[32m 0[2mms[22m[39m
 [32m笨・[39m src/features/path-replacer/replacerLogic.test.ts[2m > [22m莠碁㍾鄂ｮ謠帙・髦ｲ豁｢[2m > [22m譌｢縺ｫ {+image_url+} 繧貞性繧繝代せ縺ｯ鄂ｮ謠帙＆繧後↑縺・[32m 0[2mms[22m[39m
 [32m笨・[39m src/features/path-replacer/replacerLogic.test.ts[2m > [22m莠碁㍾鄂ｮ謠帙・髦ｲ豁｢[2m > [22m荳驛ｨ縺縺第里縺ｫ鄂ｮ謠帶ｸ医∩縺ｮ豺ｷ蝨ｨ繧ｳ繝ｼ繝・[32m 0[2mms[22m[39m
 [32m笨・[39m src/features/path-replacer/replacerLogic.test.ts[2m > [22m繧ｨ繝・ず繧ｱ繝ｼ繧ｹ[2m > [22m遨ｺ譁・ｭ怜・縺ｮ蜈･蜉・[32m 0[2mms[22m[39m
 [32m笨・[39m src/features/path-replacer/replacerLogic.test.ts[2m > [22m繧ｨ繝・ず繧ｱ繝ｼ繧ｹ[2m > [22m逕ｻ蜒上ヱ繧ｹ繧貞性縺ｾ縺ｪ縺・ｴ皮ｲ九↑HTML[32m 0[2mms[22m[39m
 [32m笨・[39m src/features/path-replacer/replacerLogic.test.ts[2m > [22m繧ｨ繝・ず繧ｱ繝ｼ繧ｹ[2m > [22m逕ｻ蜒上ヱ繧ｹ繧貞性縺ｾ縺ｪ縺ГSS[32m 0[2mms[22m[39m
 [32m笨・[39m src/features/path-replacer/replacerLogic.test.ts[2m > [22m繧ｨ繝・ず繧ｱ繝ｼ繧ｹ[2m > [22m繝・く繧ｹ繝医・縺ｿ縺ｮ蜈･蜉・[32m 0[2mms[22m[39m
 [32m笨・[39m src/features/path-replacer/replacerLogic.test.ts[2m > [22m繧ｨ繝・ず繧ｱ繝ｼ繧ｹ[2m > [22m荳榊ｮ悟・縺ｪHTML繧ｿ繧ｰ[32m 0[2mms[22m[39m
 [32m笨・[39m src/features/path-replacer/replacerLogic.test.ts[2m > [22m繧ｨ繝・ず繧ｱ繝ｼ繧ｹ[2m > [22m繝輔ぃ繧､繝ｫ蜷阪↓繧ｹ繝壹・繧ｹ繧貞性繧繝代せ[32m 0[2mms[22m[39m
 [32m笨・[39m src/features/path-replacer/replacerLogic.test.ts[2m > [22m繧ｨ繝・ず繧ｱ繝ｼ繧ｹ[2m > [22m繝輔ぃ繧､繝ｫ蜷阪↓譌･譛ｬ隱槭ｒ蜷ｫ繧繝代せ[32m 0[2mms[22m[39m
 [32m笨・[39m src/features/path-replacer/replacerLogic.test.ts[2m > [22m繧ｨ繝・ず繧ｱ繝ｼ繧ｹ[2m > [22m髱槫ｸｸ縺ｫ髟ｷ縺・ヱ繧ｹ[32m 0[2mms[22m[39m
 [32m笨・[39m src/features/path-replacer/replacerLogic.test.ts[2m > [22m繧ｨ繝・ず繧ｱ繝ｼ繧ｹ[2m > [22m繝峨ャ繝・縺､蜷ｫ繧繝輔ぃ繧､繝ｫ蜷・(file.min.png)[32m 0[2mms[22m[39m
 [32m笨・[39m src/features/path-replacer/replacerLogic.test.ts[2m > [22m繧ｨ繝・ず繧ｱ繝ｼ繧ｹ[2m > [22m繧ｯ繧ｨ繝ｪ繝代Λ繝｡繝ｼ繧ｿ莉倥″繝代せ[32m 0[2mms[22m[39m
 [32m笨・[39m src/features/path-replacer/replacerLogic.test.ts[2m > [22m繧ｨ繝・ず繧ｱ繝ｼ繧ｹ[2m > [22m繝上ャ繧ｷ繝･莉倥″繝代せ[32m 0[2mms[22m[39m
 [32m笨・[39m src/features/path-replacer/replacerLogic.test.ts[2m > [22m繧ｨ繝・ず繧ｱ繝ｼ繧ｹ[2m > [22m邨ｶ蟇ｾURL・・ttp://・峨・鄂ｮ謠帙＆繧後ｋ[32m 0[2mms[22m[39m
 [32m笨・[39m src/features/path-replacer/replacerLogic.test.ts[2m > [22m繧ｨ繝・ず繧ｱ繝ｼ繧ｹ[2m > [22m邨ｶ蟇ｾURL・・ttps://・峨・鄂ｮ謠帙＆繧後ｋ[32m 0[2mms[22m[39m
 [32m笨・[39m src/features/path-replacer/replacerLogic.test.ts[2m > [22m繧ｨ繝・ず繧ｱ繝ｼ繧ｹ[2m > [22mdata: URI縺ｯ鄂ｮ謠帙＆繧後↑縺・[32m 0[2mms[22m[39m
 [32m笨・[39m src/features/path-replacer/replacerLogic.test.ts[2m > [22m繧ｵ繝槭Μ繝ｼ縺ｮ豁｣遒ｺ諤ｧ[2m > [22mHTML縺ｮ縺ｿ縺ｮ繧ｫ繧ｦ繝ｳ繝・[32m 0[2mms[22m[39m
 [32m笨・[39m src/features/path-replacer/replacerLogic.test.ts[2m > [22m繧ｵ繝槭Μ繝ｼ縺ｮ豁｣遒ｺ諤ｧ[2m > [22mCSS縺ｮ縺ｿ縺ｮ繧ｫ繧ｦ繝ｳ繝・[32m 0[2mms[22m[39m
 [32m笨・[39m src/features/path-replacer/replacerLogic.test.ts[2m > [22m繧ｵ繝槭Μ繝ｼ縺ｮ豁｣遒ｺ諤ｧ[2m > [22mHTML + CSS豺ｷ蝨ｨ縺ｮ繧ｫ繧ｦ繝ｳ繝・[32m 0[2mms[22m[39m
 [32m笨・[39m src/features/path-replacer/replacerLogic.test.ts[2m > [22m繧ｵ繝槭Μ繝ｼ縺ｮ豁｣遒ｺ諤ｧ[2m > [22m0莉ｶ縺ｮ蝣ｴ蜷・[32m 1[2mms[22m[39m
 [32m笨・[39m src/features/path-replacer/replacerLogic.test.ts[2m > [22m繝上う繝ｩ繧､繝育ｯ・峇[2m > [22m繝上う繝ｩ繧､繝育ｯ・峇縺悟ｭ伜惠縺吶ｋ[32m 0[2mms[22m[39m
 [32m笨・[39m src/features/path-replacer/replacerLogic.test.ts[2m > [22m繝上う繝ｩ繧､繝育ｯ・峇[2m > [22m繝上う繝ｩ繧､繝育ｯ・峇縺ｮ蜀・ｮｹ縺梧ｭ｣縺励＞[32m 0[2mms[22m[39m
 [32m笨・[39m src/features/path-replacer/replacerLogic.test.ts[2m > [22m繝上う繝ｩ繧､繝育ｯ・峇[2m > [22m隍・焚繝上う繝ｩ繧､繝育ｯ・峇[32m 0[2mms[22m[39m
 [32m笨・[39m src/features/path-replacer/replacerLogic.test.ts[2m > [22m繝上う繝ｩ繧､繝育ｯ・峇[2m > [22m鄂ｮ謠帙↑縺励・蝣ｴ蜷医ワ繧､繝ｩ繧､繝育ｯ・峇縺ｯ遨ｺ[32m 0[2mms[22m[39m
 [32m笨・[39m src/features/path-replacer/replacerLogic.test.ts[2m > [22m繝ｪ繧｢繝ｫ繝ｯ繝ｼ繝ｫ繝峨ユ繧ｹ繝・[2m > [22m蜈ｸ蝙狗噪縺ｪHTML: img繧ｿ繧ｰ + link繧ｿ繧ｰ[32m 0[2mms[22m[39m
 [32m笨・[39m src/features/path-replacer/replacerLogic.test.ts[2m > [22m繝ｪ繧｢繝ｫ繝ｯ繝ｼ繝ｫ繝峨ユ繧ｹ繝・[2m > [22m蜈ｸ蝙狗噪縺ｪCSS: background-image縺ｨ螟画焚[32m 1[2mms[22m[39m
 [32m笨・[39m src/features/path-replacer/replacerLogic.test.ts[2m > [22m繝ｪ繧｢繝ｫ繝ｯ繝ｼ繝ｫ繝峨ユ繧ｹ繝・[2m > [22m繧､繝ｳ繝ｩ繧､繝ｳ繧ｹ繧ｿ繧､繝ｫ蜀・・url()[32m 0[2mms[22m[39m

[2m Test Files [22m [1m[32m1 passed[39m[22m[90m (1)[39m
[2m      Tests [22m [1m[32m87 passed[39m[22m[90m (87)[39m
[2m   Start at [22m 12:17:09
[2m   Duration [22m 386ms[2m (transform 70ms, setup 0ms, import 108ms, tests 16ms, environment 0ms)[22m

